src/App.tsx(876,23): error TS2339: Property 'views' does not exist on type '{ id: string; username: string; avatar: string; image: string; videoUrl?: string; caption: string; audio: string; likes: number; isLiked: boolean; commentsCount: number; }'.
src/App.tsx(1731,94): error TS2339: Property 'views' does not exist on type '{ id: string; username: string; avatar: string; image: string; videoUrl?: string; caption: string; audio: string; likes: number; isLiked: boolean; commentsCount: number; }'.
src/App.tsx(1741,37): error TS2339: Property 'remixedFrom' does not exist on type '{ id: string; username: string; avatar: string; image: string; videoUrl?: string; caption: string; audio: string; likes: number; isLiked: boolean; commentsCount: number; }'.
src/App.tsx(1745,42): error TS2339: Property 'remixedFrom' does not exist on type '{ id: string; username: string; avatar: string; image: string; videoUrl?: string; caption: string; audio: string; likes: number; isLiked: boolean; commentsCount: number; }'.
src/App.tsx(1747,50): error TS2339: Property 'remixedFrom' does not exist on type '{ id: string; username: string; avatar: string; image: string; videoUrl?: string; caption: string; audio: string; likes: number; isLiked: boolean; commentsCount: number; }'.
src/App.tsx(1757,50): error TS2339: Property 'remixedFrom' does not exist on type '{ id: string; username: string; avatar: string; image: string; videoUrl?: string; caption: string; audio: string; likes: number; isLiked: boolean; commentsCount: number; }'.
src/App.tsx(1763,45): error TS2339: Property 'remixedFrom' does not exist on type '{ id: string; username: string; avatar: string; image: string; videoUrl?: string; caption: string; audio: string; likes: number; isLiked: boolean; commentsCount: number; }'.
src/App.tsx(1923,67): error TS2345: Argument of type 'string' is not assignable to parameter of type 'number'.
src/App.tsx(1925,73): error TS2367: This comparison appears to be unintentional because the types 'number' and 'string' have no overlap.
src/App.tsx(1928,47): error TS2345: Argument of type '(prev: number[]) => (string | number)[]' is not assignable to parameter of type 'SetStateAction<number[]>'.
  Type '(prev: number[]) => (string | number)[]' is not assignable to type '(prevState: number[]) => number[]'.
    Type '(string | number)[]' is not assignable to type 'number[]'.
      Type 'string | number' is not assignable to type 'number'.
        Type 'string' is not assignable to type 'number'.
src/App.tsx(1934,151): error TS2345: Argument of type 'string' is not assignable to parameter of type 'number'.
src/App.tsx(1938,52): error TS2345: Argument of type 'string' is not assignable to parameter of type 'number'.
src/App.tsx(3284,79): error TS2345: Argument of type 'string' is not assignable to parameter of type 'number'.
src/App.tsx(5033,38): error TS2304: Cannot find name 'chatThreads'.
src/App.tsx(5128,34): error TS2304: Cannot find name 'chatThreads'.
src/App.tsx(5850,35): error TS2304: Cannot find name 'setFollowingCount'.
src/App.tsx(5854,35): error TS2304: Cannot find name 'setFollowingCount'.
src/App.tsx(5864,29): error TS2304: Cannot find name 'setFollowingCount'.
src/App.tsx(5986,29): error TS2304: Cannot find name 'setFollowingCount'.
src/App.tsx(5995,29): error TS2304: Cannot find name 'setFollowingCount'.
